Deprecation Notice: Symfony\Component\Console\Command\Command::__construct(): Implicitly marking parameter $name as nullable is deprecated, the explicit nullable type must be used instead in phar://D:/Programas/Laragon/laragon/bin/composer/composer.phar/vendor/symfony/console/Command/Command.php:99
Deprecation Notice: Symfony\Component\Console\Command\Command::setApplication(): Implicitly marking parameter $application as nullable is deprecated, the explicit nullable type must be used instead in phar://D:/Programas/Laragon/laragon/bin/composer/composer.phar/vendor/symfony/console/Command/Command.php:135
Deprecation Notice: Symfony\Component\Console\Command\Command::addArgument(): Implicitly marking parameter $mode as nullable is deprecated, the explicit nullable type must be used instead in phar://D:/Programas/Laragon/laragon/bin/composer/composer.phar/vendor/symfony/console/Command/Command.php:436
Deprecation Notice: Symfony\Component\Console\Command\Command::addOption(): Implicitly marking parameter $mode as nullable is deprecated, the explicit nullable type must be used instead in phar://D:/Programas/Laragon/laragon/bin/composer/composer.phar/vendor/symfony/console/Command/Command.php:457
Deprecation Notice: Symfony\Component\Console\Input\InputArgument::__construct(): Implicitly marking parameter $mode as nullable is deprecated, the explicit nullable type must be used instead in phar://D:/Programas/Laragon/laragon/bin/composer/composer.phar/vendor/symfony/console/Input/InputArgument.php:41
Deprecation Notice: Symfony\Component\Console\Input\InputOption::__construct(): Implicitly marking parameter $mode as nullable is deprecated, the explicit nullable type must be used instead in phar://D:/Programas/Laragon/laragon/bin/composer/composer.phar/vendor/symfony/console/Input/InputOption.php:62
Deprecation Notice: Symfony\Component\Console\Helper\ProcessHelper::run(): Implicitly marking parameter $error as nullable is deprecated, the explicit nullable type must be used instead in phar://D:/Programas/Laragon/laragon/bin/composer/composer.phar/vendor/symfony/console/Helper/ProcessHelper.php:35
Deprecation Notice: Symfony\Component\Console\Helper\ProcessHelper::run(): Implicitly marking parameter $callback as nullable is deprecated, the explicit nullable type must be used instead in phar://D:/Programas/Laragon/laragon/bin/composer/composer.phar/vendor/symfony/console/Helper/ProcessHelper.php:35
Deprecation Notice: Symfony\Component\Console\Helper\ProcessHelper::mustRun(): Implicitly marking parameter $error as nullable is deprecated, the explicit nullable type must be used instead in phar://D:/Programas/Laragon/laragon/bin/composer/composer.phar/vendor/symfony/console/Helper/ProcessHelper.php:101
Deprecation Notice: Symfony\Component\Console\Helper\ProcessHelper::mustRun(): Implicitly marking parameter $callback as nullable is deprecated, the explicit nullable type must be used instead in phar://D:/Programas/Laragon/laragon/bin/composer/composer.phar/vendor/symfony/console/Helper/ProcessHelper.php:101
Deprecation Notice: Symfony\Component\Console\Helper\ProcessHelper::wrapCallback(): Implicitly marking parameter $callback as nullable is deprecated, the explicit nullable type must be used instead in phar://D:/Programas/Laragon/laragon/bin/composer/composer.phar/vendor/symfony/console/Helper/ProcessHelper.php:115
Deprecation Notice: Constant E_STRICT is deprecated since 8.4, the error level was removed in phar://D:/Programas/Laragon/laragon/bin/composer/composer.phar/src/Composer/Util/Silencer.php:36
Deprecation Notice: Composer\Pcre\Preg::replace(): Implicitly marking parameter $count as nullable is deprecated, the explicit nullable type must be used instead in phar://D:/Programas/Laragon/laragon/bin/composer/composer.phar/vendor/composer/pcre/src/Preg.php:111
Deprecation Notice: Composer\Pcre\Preg::replaceCallback(): Implicitly marking parameter $count as nullable is deprecated, the explicit nullable type must be used instead in phar://D:/Programas/Laragon/laragon/bin/composer/composer.phar/vendor/composer/pcre/src/Preg.php:135
Deprecation Notice: Composer\Pcre\Preg::replaceCallbackArray(): Implicitly marking parameter $count as nullable is deprecated, the explicit nullable type must be used instead in phar://D:/Programas/Laragon/laragon/bin/composer/composer.phar/vendor/composer/pcre/src/Preg.php:163
Deprecation Notice: JsonSchema\Constraints\BaseConstraint::__construct(): Implicitly marking parameter $factory as nullable is deprecated, the explicit nullable type must be used instead in phar://D:/Programas/Laragon/laragon/bin/composer/composer.phar/vendor/justinrainbow/json-schema/src/JsonSchema/Constraints/BaseConstraint.php:41
Deprecation Notice: JsonSchema\Constraints\BaseConstraint::addError(): Implicitly marking parameter $path as nullable is deprecated, the explicit nullable type must be used instead in phar://D:/Programas/Laragon/laragon/bin/composer/composer.phar/vendor/justinrainbow/json-schema/src/JsonSchema/Constraints/BaseConstraint.php:46
Deprecation Notice: JsonSchema\Constraints\BaseConstraint::addError(): Implicitly marking parameter $more as nullable is deprecated, the explicit nullable type must be used instead in phar://D:/Programas/Laragon/laragon/bin/composer/composer.phar/vendor/justinrainbow/json-schema/src/JsonSchema/Constraints/BaseConstraint.php:46
Deprecation Notice: JsonSchema\Constraints\Factory::__construct(): Implicitly marking parameter $schemaStorage as nullable is deprecated, the explicit nullable type must be used instead in phar://D:/Programas/Laragon/laragon/bin/composer/composer.phar/vendor/justinrainbow/json-schema/src/JsonSchema/Constraints/Factory.php:77
Deprecation Notice: JsonSchema\Constraints\Factory::__construct(): Implicitly marking parameter $uriRetriever as nullable is deprecated, the explicit nullable type must be used instead in phar://D:/Programas/Laragon/laragon/bin/composer/composer.phar/vendor/justinrainbow/json-schema/src/JsonSchema/Constraints/Factory.php:78
Deprecation Notice: JsonSchema\Constraints\Constraint::incrementPath(): Implicitly marking parameter $path as nullable is deprecated, the explicit nullable type must be used instead in phar://D:/Programas/Laragon/laragon/bin/composer/composer.phar/vendor/justinrainbow/json-schema/src/JsonSchema/Constraints/Constraint.php:42
Deprecation Notice: JsonSchema\Constraints\Constraint::checkArray(): Implicitly marking parameter $path as nullable is deprecated, the explicit nullable type must be used instead in phar://D:/Programas/Laragon/laragon/bin/composer/composer.phar/vendor/justinrainbow/json-schema/src/JsonSchema/Constraints/Constraint.php:68
Deprecation Notice: JsonSchema\Constraints\Constraint::checkObject(): Implicitly marking parameter $path as nullable is deprecated, the explicit nullable type must be used instead in phar://D:/Programas/Laragon/laragon/bin/composer/composer.phar/vendor/justinrainbow/json-schema/src/JsonSchema/Constraints/Constraint.php:86
Deprecation Notice: JsonSchema\Constraints\Constraint::checkType(): Implicitly marking parameter $path as nullable is deprecated, the explicit nullable type must be used instead in phar://D:/Programas/Laragon/laragon/bin/composer/composer.phar/vendor/justinrainbow/json-schema/src/JsonSchema/Constraints/Constraint.php:103
Deprecation Notice: JsonSchema\Constraints\Constraint::checkUndefined(): Implicitly marking parameter $path as nullable is deprecated, the explicit nullable type must be used instead in phar://D:/Programas/Laragon/laragon/bin/composer/composer.phar/vendor/justinrainbow/json-schema/src/JsonSchema/Constraints/Constraint.php:119
Deprecation Notice: JsonSchema\Constraints\Constraint::checkString(): Implicitly marking parameter $path as nullable is deprecated, the explicit nullable type must be used instead in phar://D:/Programas/Laragon/laragon/bin/composer/composer.phar/vendor/justinrainbow/json-schema/src/JsonSchema/Constraints/Constraint.php:136
Deprecation Notice: JsonSchema\Constraints\Constraint::checkNumber(): Implicitly marking parameter $path as nullable is deprecated, the explicit nullable type must be used instead in phar://D:/Programas/Laragon/laragon/bin/composer/composer.phar/vendor/justinrainbow/json-schema/src/JsonSchema/Constraints/Constraint.php:152
Deprecation Notice: JsonSchema\Constraints\Constraint::checkEnum(): Implicitly marking parameter $path as nullable is deprecated, the explicit nullable type must be used instead in phar://D:/Programas/Laragon/laragon/bin/composer/composer.phar/vendor/justinrainbow/json-schema/src/JsonSchema/Constraints/Constraint.php:168
Deprecation Notice: JsonSchema\Constraints\Constraint::checkFormat(): Implicitly marking parameter $path as nullable is deprecated, the explicit nullable type must be used instead in phar://D:/Programas/Laragon/laragon/bin/composer/composer.phar/vendor/justinrainbow/json-schema/src/JsonSchema/Constraints/Constraint.php:184
Deprecation Notice: JsonSchema\Constraints\ConstraintInterface::addError(): Implicitly marking parameter $path as nullable is deprecated, the explicit nullable type must be used instead in phar://D:/Programas/Laragon/laragon/bin/composer/composer.phar/vendor/justinrainbow/json-schema/src/JsonSchema/Constraints/ConstraintInterface.php:43
Deprecation Notice: JsonSchema\Constraints\ConstraintInterface::addError(): Implicitly marking parameter $more as nullable is deprecated, the explicit nullable type must be used instead in phar://D:/Programas/Laragon/laragon/bin/composer/composer.phar/vendor/justinrainbow/json-schema/src/JsonSchema/Constraints/ConstraintInterface.php:43
Deprecation Notice: JsonSchema\Constraints\ConstraintInterface::check(): Implicitly marking parameter $path as nullable is deprecated, the explicit nullable type must be used instead in phar://D:/Programas/Laragon/laragon/bin/composer/composer.phar/vendor/justinrainbow/json-schema/src/JsonSchema/Constraints/ConstraintInterface.php:64
Deprecation Notice: JsonSchema\SchemaStorage::__construct(): Implicitly marking parameter $uriRetriever as nullable is deprecated, the explicit nullable type must be used instead in phar://D:/Programas/Laragon/laragon/bin/composer/composer.phar/vendor/justinrainbow/json-schema/src/JsonSchema/SchemaStorage.php:20
Deprecation Notice: JsonSchema\SchemaStorage::__construct(): Implicitly marking parameter $uriResolver as nullable is deprecated, the explicit nullable type must be used instead in phar://D:/Programas/Laragon/laragon/bin/composer/composer.phar/vendor/justinrainbow/json-schema/src/JsonSchema/SchemaStorage.php:21
Deprecation Notice: JsonSchema\Constraints\SchemaConstraint::check(): Implicitly marking parameter $path as nullable is deprecated, the explicit nullable type must be used instead in phar://D:/Programas/Laragon/laragon/bin/composer/composer.phar/vendor/justinrainbow/json-schema/src/JsonSchema/Constraints/SchemaConstraint.php:31
Deprecation Notice: JsonSchema\Constraints\UndefinedConstraint::check(): Implicitly marking parameter $path as nullable is deprecated, the explicit nullable type must be used instead in phar://D:/Programas/Laragon/laragon/bin/composer/composer.phar/vendor/justinrainbow/json-schema/src/JsonSchema/Constraints/UndefinedConstraint.php:33
Deprecation Notice: The predefined locally scoped $http_response_header variable is deprecated, call http_get_last_response_headers() instead in phar://D:/Programas/Laragon/laragon/bin/composer/composer.phar/vendor/justinrainbow/json-schema/src/JsonSchema/Uri/Retrievers/FileGetContents.php:55
Deprecation Notice: JsonSchema\Constraints\TypeConstraint::check(): Implicitly marking parameter $path as nullable is deprecated, the explicit nullable type must be used instead in phar://D:/Programas/Laragon/laragon/bin/composer/composer.phar/vendor/justinrainbow/json-schema/src/JsonSchema/Constraints/TypeConstraint.php:42
Deprecation Notice: JsonSchema\Constraints\ObjectConstraint::check(): Implicitly marking parameter $path as nullable is deprecated, the explicit nullable type must be used instead in phar://D:/Programas/Laragon/laragon/bin/composer/composer.phar/vendor/justinrainbow/json-schema/src/JsonSchema/Constraints/ObjectConstraint.php:30
Deprecation Notice: JsonSchema\Constraints\ObjectConstraint::validatePatternProperties(): Implicitly marking parameter $path as nullable is deprecated, the explicit nullable type must be used instead in phar://D:/Programas/Laragon/laragon/bin/composer/composer.phar/vendor/justinrainbow/json-schema/src/JsonSchema/Constraints/ObjectConstraint.php:54
Deprecation Notice: JsonSchema\Constraints\ObjectConstraint::validateElement(): Implicitly marking parameter $path as nullable is deprecated, the explicit nullable type must be used instead in phar://D:/Programas/Laragon/laragon/bin/composer/composer.phar/vendor/justinrainbow/json-schema/src/JsonSchema/Constraints/ObjectConstraint.php:93
Deprecation Notice: JsonSchema\Constraints\ObjectConstraint::validateProperties(): Implicitly marking parameter $path as nullable is deprecated, the explicit nullable type must be used instead in phar://D:/Programas/Laragon/laragon/bin/composer/composer.phar/vendor/justinrainbow/json-schema/src/JsonSchema/Constraints/ObjectConstraint.php:135
Deprecation Notice: JsonSchema\Constraints\ObjectConstraint::validateMinMaxConstraint(): Implicitly marking parameter $path as nullable is deprecated, the explicit nullable type must be used instead in phar://D:/Programas/Laragon/laragon/bin/composer/composer.phar/vendor/justinrainbow/json-schema/src/JsonSchema/Constraints/ObjectConstraint.php:177
Deprecation Notice: JsonSchema\Constraints\StringConstraint::check(): Implicitly marking parameter $path as nullable is deprecated, the explicit nullable type must be used instead in phar://D:/Programas/Laragon/laragon/bin/composer/composer.phar/vendor/justinrainbow/json-schema/src/JsonSchema/Constraints/StringConstraint.php:25
Deprecation Notice: JsonSchema\Constraints\FormatConstraint::check(): Implicitly marking parameter $path as nullable is deprecated, the explicit nullable type must be used instead in phar://D:/Programas/Laragon/laragon/bin/composer/composer.phar/vendor/justinrainbow/json-schema/src/JsonSchema/Constraints/FormatConstraint.php:27
Deprecation Notice: JsonSchema\Constraints\CollectionConstraint::check(): Implicitly marking parameter $path as nullable is deprecated, the explicit nullable type must be used instead in phar://D:/Programas/Laragon/laragon/bin/composer/composer.phar/vendor/justinrainbow/json-schema/src/JsonSchema/Constraints/CollectionConstraint.php:25
Deprecation Notice: JsonSchema\Constraints\CollectionConstraint::validateItems(): Implicitly marking parameter $path as nullable is deprecated, the explicit nullable type must be used instead in phar://D:/Programas/Laragon/laragon/bin/composer/composer.phar/vendor/justinrainbow/json-schema/src/JsonSchema/Constraints/CollectionConstraint.php:64
Deprecation Notice: JsonSchema\Constraints\EnumConstraint::check(): Implicitly marking parameter $path as nullable is deprecated, the explicit nullable type must be used instead in phar://D:/Programas/Laragon/laragon/bin/composer/composer.phar/vendor/justinrainbow/json-schema/src/JsonSchema/Constraints/EnumConstraint.php:25
Deprecation Notice: Composer\CaBundle\CaBundle::getSystemCaRootBundlePath(): Implicitly marking parameter $logger as nullable is deprecated, the explicit nullable type must be used instead in phar://D:/Programas/Laragon/laragon/bin/composer/composer.phar/vendor/composer/ca-bundle/src/CaBundle.php:67
Deprecation Notice: Composer\CaBundle\CaBundle::validateCaFile(): Implicitly marking parameter $logger as nullable is deprecated, the explicit nullable type must be used instead in phar://D:/Programas/Laragon/laragon/bin/composer/composer.phar/vendor/composer/ca-bundle/src/CaBundle.php:161
Deprecation Notice: Composer\CaBundle\CaBundle::caFileUsable(): Implicitly marking parameter $logger as nullable is deprecated, the explicit nullable type must be used instead in phar://D:/Programas/Laragon/laragon/bin/composer/composer.phar/vendor/composer/ca-bundle/src/CaBundle.php:341
Deprecation Notice: Composer\CaBundle\CaBundle::caDirUsable(): Implicitly marking parameter $logger as nullable is deprecated, the explicit nullable type must be used instead in phar://D:/Programas/Laragon/laragon/bin/composer/composer.phar/vendor/composer/ca-bundle/src/CaBundle.php:354
Deprecation Notice: Composer\CaBundle\CaBundle::isFile(): Implicitly marking parameter $logger as nullable is deprecated, the explicit nullable type must be used instead in phar://D:/Programas/Laragon/laragon/bin/composer/composer.phar/vendor/composer/ca-bundle/src/CaBundle.php:367
Deprecation Notice: Composer\CaBundle\CaBundle::isDir(): Implicitly marking parameter $logger as nullable is deprecated, the explicit nullable type must be used instead in phar://D:/Programas/Laragon/laragon/bin/composer/composer.phar/vendor/composer/ca-bundle/src/CaBundle.php:382
Deprecation Notice: Composer\CaBundle\CaBundle::isReadable(): Implicitly marking parameter $logger as nullable is deprecated, the explicit nullable type must be used instead in phar://D:/Programas/Laragon/laragon/bin/composer/composer.phar/vendor/composer/ca-bundle/src/CaBundle.php:397
Deprecation Notice: Composer\CaBundle\CaBundle::glob(): Implicitly marking parameter $logger as nullable is deprecated, the explicit nullable type must be used instead in phar://D:/Programas/Laragon/laragon/bin/composer/composer.phar/vendor/composer/ca-bundle/src/CaBundle.php:412
Deprecation Notice: Composer\Util\Git::fetchRefOrSyncMirror(): Implicitly marking parameter $prettyVersion as nullable is deprecated, the explicit nullable type must be used instead in phar://D:/Programas/Laragon/laragon/bin/composer/composer.phar/src/Composer/Util/Git.php:300
Deprecation Notice: Symfony\Component\Process\Process::__construct(): Implicitly marking parameter $cwd as nullable is deprecated, the explicit nullable type must be used instead in phar://D:/Programas/Laragon/laragon/bin/composer/composer.phar/vendor/symfony/process/Process.php:143
Deprecation Notice: Symfony\Component\Process\Process::__construct(): Implicitly marking parameter $env as nullable is deprecated, the explicit nullable type must be used instead in phar://D:/Programas/Laragon/laragon/bin/composer/composer.phar/vendor/symfony/process/Process.php:143
Deprecation Notice: Symfony\Component\Process\Process::fromShellCommandline(): Implicitly marking parameter $cwd as nullable is deprecated, the explicit nullable type must be used instead in phar://D:/Programas/Laragon/laragon/bin/composer/composer.phar/vendor/symfony/process/Process.php:192
Deprecation Notice: Symfony\Component\Process\Process::fromShellCommandline(): Implicitly marking parameter $env as nullable is deprecated, the explicit nullable type must be used instead in phar://D:/Programas/Laragon/laragon/bin/composer/composer.phar/vendor/symfony/process/Process.php:192
Deprecation Notice: Symfony\Component\Process\Process::run(): Implicitly marking parameter $callback as nullable is deprecated, the explicit nullable type must be used instead in phar://D:/Programas/Laragon/laragon/bin/composer/composer.phar/vendor/symfony/process/Process.php:250
Deprecation Notice: Symfony\Component\Process\Process::mustRun(): Implicitly marking parameter $callback as nullable is deprecated, the explicit nullable type must be used instead in phar://D:/Programas/Laragon/laragon/bin/composer/composer.phar/vendor/symfony/process/Process.php:269
Deprecation Notice: Symfony\Component\Process\Process::start(): Implicitly marking parameter $callback as nullable is deprecated, the explicit nullable type must be used instead in phar://D:/Programas/Laragon/laragon/bin/composer/composer.phar/vendor/symfony/process/Process.php:297
Deprecation Notice: Symfony\Component\Process\Process::restart(): Implicitly marking parameter $callback as nullable is deprecated, the explicit nullable type must be used instead in phar://D:/Programas/Laragon/laragon/bin/composer/composer.phar/vendor/symfony/process/Process.php:388
Deprecation Notice: Symfony\Component\Process\Process::wait(): Implicitly marking parameter $callback as nullable is deprecated, the explicit nullable type must be used instead in phar://D:/Programas/Laragon/laragon/bin/composer/composer.phar/vendor/symfony/process/Process.php:415
Deprecation Notice: Symfony\Component\Process\Process::stop(): Implicitly marking parameter $signal as nullable is deprecated, the explicit nullable type must be used instead in phar://D:/Programas/Laragon/laragon/bin/composer/composer.phar/vendor/symfony/process/Process.php:917
Deprecation Notice: Symfony\Component\Process\Process::buildCallback(): Implicitly marking parameter $callback as nullable is deprecated, the explicit nullable type must be used instead in phar://D:/Programas/Laragon/laragon/bin/composer/composer.phar/vendor/symfony/process/Process.php:1313
Installing dependencies from lock file (including require-dev)
Verifying lock file contents can be installed on current platform.
Deprecation Notice: Constant E_STRICT is deprecated since 8.4, the error level was removed in phar://D:/Programas/Laragon/laragon/bin/composer/composer.phar/src/Composer/Util/Silencer.php:36
Nothing to install, update or remove
Deprecation Notice: Constant E_STRICT is deprecated since 8.4, the error level was removed in phar://D:/Programas/Laragon/laragon/bin/composer/composer.phar/src/Composer/Util/Silencer.php:36
Deprecation Notice: Constant E_STRICT is deprecated since 8.4, the error level was removed in phar://D:/Programas/Laragon/laragon/bin/composer/composer.phar/src/Composer/Util/Silencer.php:36
Deprecation Notice: React\Promise\Promise::__construct(): Implicitly marking parameter $canceller as nullable is deprecated, the explicit nullable type must be used instead in phar://D:/Programas/Laragon/laragon/bin/composer/composer.phar/vendor/react/promise/src/Promise.php:16
Deprecation Notice: React\Promise\Promise::then(): Implicitly marking parameter $onFulfilled as nullable is deprecated, the explicit nullable type must be used instead in phar://D:/Programas/Laragon/laragon/bin/composer/composer.phar/vendor/react/promise/src/Promise.php:28
Deprecation Notice: React\Promise\Promise::then(): Implicitly marking parameter $onRejected as nullable is deprecated, the explicit nullable type must be used instead in phar://D:/Programas/Laragon/laragon/bin/composer/composer.phar/vendor/react/promise/src/Promise.php:28
Deprecation Notice: React\Promise\Promise::then(): Implicitly marking parameter $onProgress as nullable is deprecated, the explicit nullable type must be used instead in phar://D:/Programas/Laragon/laragon/bin/composer/composer.phar/vendor/react/promise/src/Promise.php:28
Deprecation Notice: React\Promise\Promise::done(): Implicitly marking parameter $onFulfilled as nullable is deprecated, the explicit nullable type must be used instead in phar://D:/Programas/Laragon/laragon/bin/composer/composer.phar/vendor/react/promise/src/Promise.php:58
Deprecation Notice: React\Promise\Promise::done(): Implicitly marking parameter $onRejected as nullable is deprecated, the explicit nullable type must be used instead in phar://D:/Programas/Laragon/laragon/bin/composer/composer.phar/vendor/react/promise/src/Promise.php:58
Deprecation Notice: React\Promise\Promise::done(): Implicitly marking parameter $onProgress as nullable is deprecated, the explicit nullable type must be used instead in phar://D:/Programas/Laragon/laragon/bin/composer/composer.phar/vendor/react/promise/src/Promise.php:58
Deprecation Notice: React\Promise\Promise::resolver(): Implicitly marking parameter $onFulfilled as nullable is deprecated, the explicit nullable type must be used instead in phar://D:/Programas/Laragon/laragon/bin/composer/composer.phar/vendor/react/promise/src/Promise.php:115
Deprecation Notice: React\Promise\Promise::resolver(): Implicitly marking parameter $onRejected as nullable is deprecated, the explicit nullable type must be used instead in phar://D:/Programas/Laragon/laragon/bin/composer/composer.phar/vendor/react/promise/src/Promise.php:115
Deprecation Notice: React\Promise\Promise::resolver(): Implicitly marking parameter $onProgress as nullable is deprecated, the explicit nullable type must be used instead in phar://D:/Programas/Laragon/laragon/bin/composer/composer.phar/vendor/react/promise/src/Promise.php:115
Deprecation Notice: React\Promise\ExtendedPromiseInterface::done(): Implicitly marking parameter $onFulfilled as nullable is deprecated, the explicit nullable type must be used instead in phar://D:/Programas/Laragon/laragon/bin/composer/composer.phar/vendor/react/promise/src/ExtendedPromiseInterface.php:22
Deprecation Notice: React\Promise\ExtendedPromiseInterface::done(): Implicitly marking parameter $onRejected as nullable is deprecated, the explicit nullable type must be used instead in phar://D:/Programas/Laragon/laragon/bin/composer/composer.phar/vendor/react/promise/src/ExtendedPromiseInterface.php:22
Deprecation Notice: React\Promise\ExtendedPromiseInterface::done(): Implicitly marking parameter $onProgress as nullable is deprecated, the explicit nullable type must be used instead in phar://D:/Programas/Laragon/laragon/bin/composer/composer.phar/vendor/react/promise/src/ExtendedPromiseInterface.php:22
Deprecation Notice: React\Promise\PromiseInterface::then(): Implicitly marking parameter $onFulfilled as nullable is deprecated, the explicit nullable type must be used instead in phar://D:/Programas/Laragon/laragon/bin/composer/composer.phar/vendor/react/promise/src/PromiseInterface.php:40
Deprecation Notice: React\Promise\PromiseInterface::then(): Implicitly marking parameter $onRejected as nullable is deprecated, the explicit nullable type must be used instead in phar://D:/Programas/Laragon/laragon/bin/composer/composer.phar/vendor/react/promise/src/PromiseInterface.php:40
Deprecation Notice: React\Promise\PromiseInterface::then(): Implicitly marking parameter $onProgress as nullable is deprecated, the explicit nullable type must be used instead in phar://D:/Programas/Laragon/laragon/bin/composer/composer.phar/vendor/react/promise/src/PromiseInterface.php:40
Deprecation Notice: React\Promise\FulfilledPromise::then(): Implicitly marking parameter $onFulfilled as nullable is deprecated, the explicit nullable type must be used instead in phar://D:/Programas/Laragon/laragon/bin/composer/composer.phar/vendor/react/promise/src/FulfilledPromise.php:21
Deprecation Notice: React\Promise\FulfilledPromise::then(): Implicitly marking parameter $onRejected as nullable is deprecated, the explicit nullable type must be used instead in phar://D:/Programas/Laragon/laragon/bin/composer/composer.phar/vendor/react/promise/src/FulfilledPromise.php:21
Deprecation Notice: React\Promise\FulfilledPromise::then(): Implicitly marking parameter $onProgress as nullable is deprecated, the explicit nullable type must be used instead in phar://D:/Programas/Laragon/laragon/bin/composer/composer.phar/vendor/react/promise/src/FulfilledPromise.php:21
Deprecation Notice: React\Promise\FulfilledPromise::done(): Implicitly marking parameter $onFulfilled as nullable is deprecated, the explicit nullable type must be used instead in phar://D:/Programas/Laragon/laragon/bin/composer/composer.phar/vendor/react/promise/src/FulfilledPromise.php:36
Deprecation Notice: React\Promise\FulfilledPromise::done(): Implicitly marking parameter $onRejected as nullable is deprecated, the explicit nullable type must be used instead in phar://D:/Programas/Laragon/laragon/bin/composer/composer.phar/vendor/react/promise/src/FulfilledPromise.php:36
Deprecation Notice: React\Promise\FulfilledPromise::done(): Implicitly marking parameter $onProgress as nullable is deprecated, the explicit nullable type must be used instead in phar://D:/Programas/Laragon/laragon/bin/composer/composer.phar/vendor/react/promise/src/FulfilledPromise.php:36
Generating optimized autoload files
Deprecation Notice: Composer\ClassMapGenerator\ClassMapGenerator::avoidDuplicateScans(): Implicitly marking parameter $scannedFiles as nullable is deprecated, the explicit nullable type must be used instead in phar://D:/Programas/Laragon/laragon/bin/composer/composer.phar/vendor/composer/class-map-generator/src/ClassMapGenerator.php:64
Deprecation Notice: Composer\ClassMapGenerator\ClassMapGenerator::scanPaths(): Implicitly marking parameter $excluded as nullable is deprecated, the explicit nullable type must be used instead in phar://D:/Programas/Laragon/laragon/bin/composer/composer.phar/vendor/composer/class-map-generator/src/ClassMapGenerator.php:103
Deprecation Notice: Composer\ClassMapGenerator\PhpFileCleaner::match(): Implicitly marking parameter $match as nullable is deprecated, the explicit nullable type must be used instead in phar://D:/Programas/Laragon/laragon/bin/composer/composer.phar/vendor/composer/class-map-generator/src/PhpFileCleaner.php:243
Deprecation Notice: Constant E_STRICT is deprecated since 8.4, the error level was removed in phar://D:/Programas/Laragon/laragon/bin/composer/composer.phar/src/Composer/Util/Silencer.php:36
Deprecation Notice: Constant E_STRICT is deprecated since 8.4, the error level was removed in phar://D:/Programas/Laragon/laragon/bin/composer/composer.phar/src/Composer/Util/Silencer.php:36
Deprecation Notice: Constant E_STRICT is deprecated since 8.4, the error level was removed in phar://D:/Programas/Laragon/laragon/bin/composer/composer.phar/src/Composer/Util/Silencer.php:36
Deprecation Notice: Constant E_STRICT is deprecated since 8.4, the error level was removed in phar://D:/Programas/Laragon/laragon/bin/composer/composer.phar/src/Composer/Util/Silencer.php:36
Deprecation Notice: Constant E_STRICT is deprecated since 8.4, the error level was removed in phar://D:/Programas/Laragon/laragon/bin/composer/composer.phar/src/Composer/Util/Silencer.php:36
Deprecation Notice: Constant E_STRICT is deprecated since 8.4, the error level was removed in phar://D:/Programas/Laragon/laragon/bin/composer/composer.phar/src/Composer/Util/Silencer.php:36
Deprecation Notice: Constant E_STRICT is deprecated since 8.4, the error level was removed in phar://D:/Programas/Laragon/laragon/bin/composer/composer.phar/src/Composer/Util/Silencer.php:36
Deprecation Notice: Constant E_STRICT is deprecated since 8.4, the error level was removed in phar://D:/Programas/Laragon/laragon/bin/composer/composer.phar/src/Composer/Util/Silencer.php:36
90 packages you are using are looking for funding.
Use the `composer fund` command to find out more!
